Case #1: EQTHBSKJCJILFAYBZNBRDIRZOPXIGCNDLVRUWMTQ
Case #2: KQZVGHDQEYCHWPTWAZWHMNEOHZVPDEAXJHTRPPGIPZOIUSGRCHIZXCOPQBBJNPECKVLPQVCYOQIOEAHVFSXSUFKCKQCRGKZYX
Case #3: DIPAHQYXKGJMPMDLTVDGOTEUNZLAWSHQKFAJBMQVONNCKRVHN
Case #4: UGRQHIPOLPOIJOYKETYSCLSOBTKVBQRLVSUPCGCOHSONRFSGONCOXFOFVQXYAOFGKBJEXTKVQGEDXVVHTVMPSDFUANBWJLSKVQJZ
Case #5: GVEIBPDOYFDSURJPWCOFWCRHTKEMWLXEOCLMQYQINZICPA
Case #6: APHFNKREUOZGHEDWRCZOMMLQPSQFYCGGTWDSWIBRZUQGAWTOBVCNVCYYTVCLWPRUJLNLXOJLCHGXUMASD
Case #7: IQCEOGIRBFUAHAYLTCMQOZBWSVFOPKUJPXVDHN
Case #8: ETQCFOVDHOKICZJEBJEUGIRULDKEHOAPGGNHANMXSYTRWWQWXUHRGFHVGDQMJAFDXLMXIKM
Case #9: GBYCFRXAVHWWHDOZFVZNTIQOAJBKUSMEFEPTQIYL
Case #10: GALETCRVTQXYSNYAZNHVBVHCBRIDMTWJZUQMLRVOMZQPFKHT
Case #11: GAFUNQBRDEIYXWTMKSPLHUJCZSOV
Case #12: FRJYBBBIHUEVQDKHRWCGILAQEZMPJOXIWFOVXBNHMIPSVPUSPBQTE
Case #13: DXBINQUZAFXLGMKBLHYEMDPQWCIUCYJYDETHRNKZXZNPWWPKNBEIWSXYQMOFVSWBGXMIQTB
Case #14: UPKBEYNFLQIZZVXAHDVWSJIEZXLOBUHOXTGMXRUC
Case #15: BZSQWERIUMXOKOQQILVGREXJIJUPHFNSLIVYNPCAJHUAWFKGWGTBIZVVMJUDQCYHQDMNRMGAJEPBKCMQUNNQVUGZDWEE
Case #16: BVPAZXKSVELYHDTYIJNQBRFEMOACUHGW
Case #17: FNZSWBVDMSMFCHLOEIVIMJCMZGQAELLHXCFZCTWKIRMEPAXSMIYHWDDMUUUDIVCFGEMRJUTGOAP
Case #18: USRURIDXYLDIJMQPASVYHPJLCKARPHEWJRYHNOVBVLWJZXNFQISVOZTNMZOCFCALSAYXKQGPMQEPOVPAI
Case #19: QXIGPTGMXVTYVXSBMQUMNHPCYAKKYOKBLNEBWFGOJYZEWCMLSIZFILZNDRJ
Case #20: OUNCKVTCLYQDTUYSXRWJPXDCATDGLTXHYZQSHRRUGBXBJEWBDKEADFIJXBMWPINVZXQZAKMZ
Case #21: HOTMLDNGNAGEDRCGCYKYKMOVYHAVRCALJFFEUSQATKZLNXEAJIGBFEENVGDZBPAJHWZTM
Case #22: YBVIEKUPHGSPVZXLZVVQWRTWRWYAATRRQJXALEONDJOPQFVHKXUWUCSWTOYZXJOAGGTBHMAKVLRIMADCF
Case #23: TDHOVDCCGBINFPRPZKVXCSALQEOWJMUWYKH
Case #24: ZYBBNWVJKHYMWEILMUGFXLYNVTISMQCYPIJUDPVCKQRQHDLUOCLATRRTAPVZJRZJSDECAHVQAMOBAEWNJKURRXFWZPIGSRFEJXX
Case #25: LZHWCQSYSEMEHINNXUYFOWVUGSKINTBJTBAUAZRWPRVPMODSXX
Case #26: UONBZRPJZLWUPIBLMMSTMXPEAUJTMLXYWASSPGILSBCLZGDLRMEIKFSLCUHRINBCOTUVXQ
Case #27: DAITZVPDKORITHDASTCURQHDFFEDJASLWTDHCXVNQGDWKNNHFCPZOCMXGCMBNJYZYBARYZIFP
Case #28: PEXMTVZKZAJSTOWEEBQUHLJMOQOQMGENGIUANJWBTSXKARBSYITTLAXJDQMFCEPIYAARCUOFQXPNKPXFXBFYEILET
Case #29: XZUNTKIOELOQQMQYVBPWNJDICPLAOSBPGGUYHRFXE
Case #30: TMOWEMUZKULJSFVNBIGYIHRDLVKLPXQCWA
Case #31: TRXTJAQCCSMTFRJDUOAVXQWXNNCIUCXGBGICBBYRBIYEHZAPFDZEEKQL
Case #32: RSKVWUPERQTPKXJLVOHFSPCNFASAYNGQKIOWHOWNUOSQIKUKGAGDMQXFSPTLCMGIZFXTRXOFOYABGZEOOZ
Case #33: LFBHGDUXVJUPZLAYNARWCRYGAGAGFZUEJSRYJGJVNKIUTOUXMQMCPOZKGUFZ
Case #34: IILCCJMUYTDQYEPPOHKUGPHZBPCAGFBOAMCKKGZJXJUSWMDUSOMHXJNLILGCPSWCAOFVYEBHIKRWOY
Case #35: VKHVSHDWFVCMUPDKIVAHUWZFHPZIEXWBRPJSRQOJLNXCTYMLLLGFOZ
Case #36: QXIFTCQHWKQAZSFFOJDAXSUGBUSWPLEYLNGXZLRNJMEDYJFOQRKUKUTPAICBNYVSEZYQ
Case #37: RRDCCAAMNRTLHVAGRWSXZCIUOQJJFMHRYYZRXTDGEBEOIDHKVFXNRMOPKUFLVSKIJQUOBMOXCAHPOIPAONCGGUIJBTXHSPLNX
Case #38: YTIPMNUDEFSVONYNNNMWSKQIKUVAPEEDDQWAARIEUGOEXRHNBAJPWLGQANFNRFRZNTVBVQSGHUDAVVJXLKCARCHW
Case #39: TAACNQCFOFWLRZBHSDKYEKFVDXJGUXMIVPTN
Case #40: SMZXUSVEUMICWAGTNHBOLJPKQDRRPLIFY
Case #41: VIZIGTRKRZETBZCKKHHOLHUALQSYEFAOWQGMPQNMDXJRNVMBJGZBJUCBF
Case #42: JLKNARPWODCWAXWKBZJDYZBSNXISGVWNDJEUJOYERIXIQHVBDMJXHKAOFFXKXZOMOWYCTCHEOLMYMVECSCRPQZFZPMHBZFP
Case #43: QVCXLPBRDMFJJUHKAIGOSNTFWZEY
Case #44: BIOAGAAHLGRQIWKYTUJOSGSPVNKQMESJHDLOEZKFMTHCXN
Case #45: ELIDYDJPZZEBAAOUSPYWXYNTDMDDOWZJKUOVXGKRYHRQSCQFEHU
Case #46: XKNAHPBTQLYXFJZEVJCUADNQJTVUISBNXORDYUOWNJDUUQIMYUNAACLKPWQWESWBCMSCRRTIFWNHQWHNHGNE
Case #47: VNFOEPKTZMIEDNJCULIYRZAXIYHAHMHJNCDPREOHSSBQRJILLNDKRDFAUEIRJWQGHBVYVHWALXCGEXIBLOVO
Case #48: IOBBCSHTCNLXOANYCWKGQKKZCKJCQHSKBDZAPZWJIMTUQXRYTQPGVSMXNWSRVCYLFGLHJPJEV
Case #49: GVLCEIVEQIWLLHOJFJNZBMUDSNASBRTUYPKDPX
Case #50: GUHJMVCPYVBNZZCYVTGDRVZSFJACXLHXWZPZSRTYLOLTBWMJHKWPEBCSTFNIZOKCEIRXBRQXAGFQIJSRSCRCBXUQZNFI
Case #51: QQXNFLTHAIPJSSXBJWTJGTZHUATJJOJZVVGFODLOLYYGAMXYOPWUROYGWJRHOANOQBOZNDQZTUOCWHMLDGEVFTATLKRVXAOKPKHH
Case #52: RWIOQJNNLJOQMTQALZYAMXSMMFWJEUZHUKTSDWKWNYPXPGFYVQOBHIIXCAVICLDHLRDWEHUK
Case #53: MRPPTLSQHMALNWNAUDCJIZDVSXABQAOCKSBUYVFGZIBCKLARBHROMTGLMJHTVTHXWCUIFFYCXTUZJEDDSTDOWJFTOLSKDBL
Case #54: XMRDXQHTUAZIJPFFAUSOIDSNHGGCOBWMWJYXFBFZIBMMFRVZKRZWPDQTKLEXZUSKZJSD
Case #55: RROUZDCGXPJQUINKVHMMFEYDDXOEIZTLBFTOJSSQGTPEMAHJDWBWK
Case #56: JFGLSXJBGHLONZDQJIGYMKHEIPDZLOQHRWMXLSATDXRKLTVVUZNPCADATOZ
Case #57: BAJMCRVAOQDFXVPIUXTWSNHEZKGLY
Case #58: IXMVPCKTARITVSHAEMMVWOFVQQKLYWFJYLBWEIDPMPSOUCLQZQNSOXIGTFWOTPNZUJUDUDQUKPF
Case #59: UQTJSCSTKTPNMQZZZFCKYNWARBHHMTWTQETVLQLFIPNDSXOSWIDLSGLOVHPEKWTUFJZXPEFYIGZZONBZMXWKUYNFMRAVDSRANN
Case #60: GJMZGVUVPUGMCOWEGCPVANXXCOTQSGMHBERLYBFBNDGUUQSJPDIPXMDVKUSHMCOPZCIXVTD
Case #61: AMMENKFCXKTIKCZXQDMGIAWHUOEZKFFCSRQCVZVPNQBDIMLGOOJXCAAHNYTVZXJADK
Case #62: NYBZVOELRDSWXHMSAZMAPZVWUNWWGXMYVTOMZUGCWGFYHPSXQLFCAYJKVIHBKDHVZXEFWPIAYNHVLBSNORXEXQSBZKULMR
Case #63: TFWXGCDSRNEIUEZQPSWHDVUQJUKBMMAUUAIMLZWUIYHLLFOX
Case #64: GZAZDZPBIPACYLCNTOHCXRAPRFGSEMDAFJWQHVDMXYZTWMEGSQLKSGOU
Case #65: FBZUTWBAOQVFMJXCKBPRSQYELNVOJRHADWSIGJKETTOTHGLHWUZUIRIGFH
Case #66: MNPVIMYUGDFBLQGDIKZKQPWCPXRNRDFZTVTPRFWFANTSGIAWDREBOIYVJHK
Case #67: MUAJCAKNXJJOPCZNRWWUDXPOHYXIMNWTSHNQELICGQVOGYITMTTXSVYDFYZYSBRIIOANGKKP
Case #68: ZJDDWIRACYKIQFPRDVFUBGNGWTFBCDGQNQFWGSOXEWZSNAGBVLTZSMVRHOYPDC
Case #69: YKKDKNBCKSVBNAPXIYUZUZLKQCDDAIJBMCJXQIRDLFRAWZSJZLYAPXAPAICVMHJJIIHZMAOBIEQGQPGT
Case #70: JBGSPRKPOOOPIFDRWMHFVWPEAXALQZRRSUNBVSXEAAJYHKCQHTZ
Case #71: LUIQADIJSEMRVYLYXQPRFUBGKCZSNJMFRBITOLEDFHWTZZOA
Case #72: QFAUDNTNZHQGZILDYATCQFUFVYXCUSXQYBJGLXTVEHRKMKMWWLPDAIQOMT
Case #73: KOAQXBSQNTVPKZAUJOKBQLERXEDRLMXWLBHTCGUIHMFMRHAAQBVUIUTXTLJZEHRRXPYURJJDYCQGSXNRELNDWLCLSOJXK
Case #74: LQTXHIVYZWJSORDNCAMUGFQKEYUBHPM
Case #75: TOOONARARZCWXZMNNRUDYNEBTVSCAGCJAPSIZNTOKUNHABVBRCKMYYRILPNLKBQOJHMUYRJLTEZWFKFKXDQEGEFHCLVFXM
Case #76: DDPEXICWGUMQRYUBFUMANWKPYQEZSYHNPKMWVVVQSIXWJRWUTDGPTZJUSNZFVULRUNBTUMFKAIKVCXOHQSEMTJ
Case #77: CELPQLVSMJNCIYGPSFHEZWUSEROFMGONYDMTTFXWQQLRUUGAWHDUIBCMJKGAW
Case #78: SHLSJUAJFWUCZQNLLNTOFMUSBPYCJZTQKBMOWVGEXMQCIGKSJHCPHSZDMXLTJJLXFHCMPRYUFYXICGPOZCTT
Case #79: IUGATODVCRYPHNJMXQSZWFBKLE
Case #80: WXPOGHUSMJAPCVVCHXQIZNTOFLLKGZHKIAYPLJQCRCUOEPAMORNRCWKIPWBZEFETCHPDHBQ
Case #81: PINQKLWXTQAWVJJPDMYOKCTBYUZSCUIDQGZGKXRDWHBNQFXIAJREY
Case #82: DTLNJXNWTKTGWOFBAKJXEUZZYWREFISEFVLCSUCELKVQMMZMPSTYHIQHN
Case #83: STUVEMWDCEWZPIMXHGEMMFLRJCPRSGBXNWWGRFOVSALBSOOZJZQPMRYYTECEOMKNTNFEHBEEVFGNDQAMLDTYFIPTSUFEKXLULRH
Case #84: FNURDPYPWHWLWOLXOISSETKJZRXVHABWMECQGR
Case #85: MRATBDPUVEZJLQKZINWSGKCOHXFY
Case #86: NOZYZNSZLGBALAUPYSFXJGBMDIKBWQMRNHKFUEXPVCT
Case #87: DYCUBKMPYJVIZOEGXLQZONWWHRSAFTA
Case #88: GKMEXVZCSJCWMITSEUDYRBFMLFAWTTHCOPWNQ
Case #89: IRDUTTUSSFRVAFQCDHELXFBOICIWENKWLILTYXPLFGEVOTVWDHZCKAJLGQDZXWEHGMKJEMSDNIXH
Case #90: DOCNSXAWEHLUJDOUONZQENDQUCDKTJYLHYCUMBTQVFYXKZLRPAVMZHIXGJVXRJE
Case #91: PCHHMQSKOTXRNJKYHXVYWIJQOPFIZIFGBKLXQCUKBNQDDOQIETABQSTBNRDQCFJBPWANUGICNAH
Case #92: IXMHOWWHKQXGXSJRSVBDMRTWMWUZFMJLYYDRAQDBBHOUZQBTUQCQNYAFTPZEBNVU
Case #93: OWKLQKRHHZBJFAYOZPPVGALTFVUAWMDRCBGISKQTNMOTPGHQZZBHRFENEDAEWIPPMJSSHCLHXEQPBLWQCLRLXHWKN
Case #94: GYHSUJMBAXOQNCPVFGRWKEIRTFLKDZEUW
Case #95: CGGBFCSNQAJBQUSCHPDCIQYSLIKWPWMXXMZVEKVGHMDLROKGWXTD
Case #96: WGTCONAUFJKJJHWVYNCIGUCRWBBKZLVAALXPMSEDFQBNZUH
Case #97: PJFLQOMLNEIXQQCOPKIYNHPZGVMNJVPPLNTSXRZACLKUQPQGBNDFMPW
Case #98: NFNVWASBZHCKUPZTIYCDLENJZIJGHYJZKHOFQLGOEZZADBUJPTKLTYSPNEGEDUGZLMMXCEIRAIJEJJSYHPG
Case #99: XUBEDISAHQOXAVOEJMKYHFPCOGXZNVFFEAWBTQLPTVSBCMCXVRI
Case #100: JMAIIOZCYCFMLDMJPSGCXTBVXRXBRWKKXVMAGOEJEGKUFYYHBPKFZKBPXBDHLGWSYNJQYVUPETPUZJSLAPNETBYYLLW
